// Jest Snapshot v1, https://goo.gl/fbAQLP

exports[`Header should match the snapshot 1`] = `
ShallowWrapper {
  "length": 1,
  Symbol(enzyme.__root__): [Circular],
  Symbol(enzyme.__unrendered__): <Header
    favorites={
        Array [
            "Happy birthday Casey Poe",
          ]
    }
    logOut={[Function]}
    users={
        Object {
            "id": 7,
          }
    }
/>,
  Symbol(enzyme.__renderer__): Object {
    "batchedUpdates": [Function],
    "getNode": [Function],
    "render": [Function],
    "simulateEvent": [Function],
    "unmount": [Function],
  },
  Symbol(enzyme.__node__): Object {
    "instance": null,
    "key": undefined,
    "nodeType": "host",
    "props": Object {
      "children": Array [
        <img
          alt="Cage Tracker Logo"
          className="logo"
          src="logo.png"
/>,
        <ul
          className="navigation-links"
>
          <li>
                    <NavLink
                              activeClassName="active"
                              aria-current="page"
                              className="home-link"
                              to="/"
                    >
                              Home
                    </NavLink>
          </li>
          <li>
                    <NavLink
                              activeClassName="active"
                              aria-current="page"
                              className="login-link"
                              to="/login"
                    >
                              <a
                                        className="log-out"
                                        onClick={[Function]}
                              >
                                        Logout
                              </a>
                    </NavLink>
          </li>
          <li>
                    <NavLink
                              activeClassName="active"
                              aria-current="page"
                              className="favorites-link"
                              to="/favorites"
                    >
                              Favorites
                    </NavLink>
          </li>
</ul>,
      ],
      "className": "app-header",
    },
    "ref": null,
    "rendered": Array [
      Object {
        "instance": null,
        "key": undefined,
        "nodeType": "host",
        "props": Object {
          "alt": "Cage Tracker Logo",
          "className": "logo",
          "src": "logo.png",
        },
        "ref": null,
        "rendered": null,
        "type": "img",
      },
      Object {
        "instance": null,
        "key": undefined,
        "nodeType": "host",
        "props": Object {
          "children": Array [
            <li>
              <NavLink
                            activeClassName="active"
                            aria-current="page"
                            className="home-link"
                            to="/"
              >
                            Home
              </NavLink>
</li>,
            <li>
              <NavLink
                            activeClassName="active"
                            aria-current="page"
                            className="login-link"
                            to="/login"
              >
                            <a
                                          className="log-out"
                                          onClick={[Function]}
                            >
                                          Logout
                            </a>
              </NavLink>
</li>,
            <li>
              <NavLink
                            activeClassName="active"
                            aria-current="page"
                            className="favorites-link"
                            to="/favorites"
              >
                            Favorites
              </NavLink>
</li>,
          ],
          "className": "navigation-links",
        },
        "ref": null,
        "rendered": Array [
          Object {
            "instance": null,
            "key": undefined,
            "nodeType": "host",
            "props": Object {
              "children": <NavLink
                activeClassName="active"
                aria-current="page"
                className="home-link"
                to="/"
>
                Home
</NavLink>,
            },
            "ref": null,
            "rendered": Object {
              "instance": null,
              "key": undefined,
              "nodeType": "function",
              "props": Object {
                "activeClassName": "active",
                "aria-current": "page",
                "children": "Home",
                "className": "home-link",
                "to": "/",
              },
              "ref": null,
              "rendered": "Home",
              "type": [Function],
            },
            "type": "li",
          },
          Object {
            "instance": null,
            "key": undefined,
            "nodeType": "host",
            "props": Object {
              "children": <NavLink
                activeClassName="active"
                aria-current="page"
                className="login-link"
                to="/login"
>
                <a
                                className="log-out"
                                onClick={[Function]}
                >
                                Logout
                </a>
</NavLink>,
            },
            "ref": null,
            "rendered": Object {
              "instance": null,
              "key": undefined,
              "nodeType": "function",
              "props": Object {
                "activeClassName": "active",
                "aria-current": "page",
                "children": <a
                  className="log-out"
                  onClick={[Function]}
>
                  Logout
</a>,
                "className": "login-link",
                "to": "/login",
              },
              "ref": null,
              "rendered": Object {
                "instance": null,
                "key": undefined,
                "nodeType": "host",
                "props": Object {
                  "children": "Logout",
                  "className": "log-out",
                  "onClick": [Function],
                },
                "ref": null,
                "rendered": "Logout",
                "type": "a",
              },
              "type": [Function],
            },
            "type": "li",
          },
          Object {
            "instance": null,
            "key": undefined,
            "nodeType": "host",
            "props": Object {
              "children": <NavLink
                activeClassName="active"
                aria-current="page"
                className="favorites-link"
                to="/favorites"
>
                Favorites
</NavLink>,
            },
            "ref": null,
            "rendered": Object {
              "instance": null,
              "key": undefined,
              "nodeType": "function",
              "props": Object {
                "activeClassName": "active",
                "aria-current": "page",
                "children": "Favorites",
                "className": "favorites-link",
                "to": "/favorites",
              },
              "ref": null,
              "rendered": "Favorites",
              "type": [Function],
            },
            "type": "li",
          },
        ],
        "type": "ul",
      },
    ],
    "type": "header",
  },
  Symbol(enzyme.__nodes__): Array [
    Object {
      "instance": null,
      "key": undefined,
      "nodeType": "host",
      "props": Object {
        "children": Array [
          <img
            alt="Cage Tracker Logo"
            className="logo"
            src="logo.png"
/>,
          <ul
            className="navigation-links"
>
            <li>
                        <NavLink
                                    activeClassName="active"
                                    aria-current="page"
                                    className="home-link"
                                    to="/"
                        >
                                    Home
                        </NavLink>
            </li>
            <li>
                        <NavLink
                                    activeClassName="active"
                                    aria-current="page"
                                    className="login-link"
                                    to="/login"
                        >
                                    <a
                                                className="log-out"
                                                onClick={[Function]}
                                    >
                                                Logout
                                    </a>
                        </NavLink>
            </li>
            <li>
                        <NavLink
                                    activeClassName="active"
                                    aria-current="page"
                                    className="favorites-link"
                                    to="/favorites"
                        >
                                    Favorites
                        </NavLink>
            </li>
</ul>,
        ],
        "className": "app-header",
      },
      "ref": null,
      "rendered": Array [
        Object {
          "instance": null,
          "key": undefined,
          "nodeType": "host",
          "props": Object {
            "alt": "Cage Tracker Logo",
            "className": "logo",
            "src": "logo.png",
          },
          "ref": null,
          "rendered": null,
          "type": "img",
        },
        Object {
          "instance": null,
          "key": undefined,
          "nodeType": "host",
          "props": Object {
            "children": Array [
              <li>
                <NavLink
                                activeClassName="active"
                                aria-current="page"
                                className="home-link"
                                to="/"
                >
                                Home
                </NavLink>
</li>,
              <li>
                <NavLink
                                activeClassName="active"
                                aria-current="page"
                                className="login-link"
                                to="/login"
                >
                                <a
                                                className="log-out"
                                                onClick={[Function]}
                                >
                                                Logout
                                </a>
                </NavLink>
</li>,
              <li>
                <NavLink
                                activeClassName="active"
                                aria-current="page"
                                className="favorites-link"
                                to="/favorites"
                >
                                Favorites
                </NavLink>
</li>,
            ],
            "className": "navigation-links",
          },
          "ref": null,
          "rendered": Array [
            Object {
              "instance": null,
              "key": undefined,
              "nodeType": "host",
              "props": Object {
                "children": <NavLink
                  activeClassName="active"
                  aria-current="page"
                  className="home-link"
                  to="/"
>
                  Home
</NavLink>,
              },
              "ref": null,
              "rendered": Object {
                "instance": null,
                "key": undefined,
                "nodeType": "function",
                "props": Object {
                  "activeClassName": "active",
                  "aria-current": "page",
                  "children": "Home",
                  "className": "home-link",
                  "to": "/",
                },
                "ref": null,
                "rendered": "Home",
                "type": [Function],
              },
              "type": "li",
            },
            Object {
              "instance": null,
              "key": undefined,
              "nodeType": "host",
              "props": Object {
                "children": <NavLink
                  activeClassName="active"
                  aria-current="page"
                  className="login-link"
                  to="/login"
>
                  <a
                                    className="log-out"
                                    onClick={[Function]}
                  >
                                    Logout
                  </a>
</NavLink>,
              },
              "ref": null,
              "rendered": Object {
                "instance": null,
                "key": undefined,
                "nodeType": "function",
                "props": Object {
                  "activeClassName": "active",
                  "aria-current": "page",
                  "children": <a
                    className="log-out"
                    onClick={[Function]}
>
                    Logout
</a>,
                  "className": "login-link",
                  "to": "/login",
                },
                "ref": null,
                "rendered": Object {
                  "instance": null,
                  "key": undefined,
                  "nodeType": "host",
                  "props": Object {
                    "children": "Logout",
                    "className": "log-out",
                    "onClick": [Function],
                  },
                  "ref": null,
                  "rendered": "Logout",
                  "type": "a",
                },
                "type": [Function],
              },
              "type": "li",
            },
            Object {
              "instance": null,
              "key": undefined,
              "nodeType": "host",
              "props": Object {
                "children": <NavLink
                  activeClassName="active"
                  aria-current="page"
                  className="favorites-link"
                  to="/favorites"
>
                  Favorites
</NavLink>,
              },
              "ref": null,
              "rendered": Object {
                "instance": null,
                "key": undefined,
                "nodeType": "function",
                "props": Object {
                  "activeClassName": "active",
                  "aria-current": "page",
                  "children": "Favorites",
                  "className": "favorites-link",
                  "to": "/favorites",
                },
                "ref": null,
                "rendered": "Favorites",
                "type": [Function],
              },
              "type": "li",
            },
          ],
          "type": "ul",
        },
      ],
      "type": "header",
    },
  ],
  Symbol(enzyme.__options__): Object {
    "adapter": ReactSixteenAdapter {
      "options": Object {
        "enableComponentDidUpdateOnSetState": true,
      },
    },
  },
}
`;
