// Jest Snapshot v1, https://goo.gl/fbAQLP

exports[`CardContainer should match the snapshot 1`] = `
ShallowWrapper {
  "length": 1,
  Symbol(enzyme.__root__): [Circular],
  Symbol(enzyme.__unrendered__): <CardContainer
    checkFavorites={[Function]}
    favorites={
        Array [
            Object {
              "movie_id": 7,
              "title": "ConAir",
            },
          ]
    }
    movies={
        Array [
            Object {
              "favorite": true,
              "id": 7,
              "poster_path": "google.com",
              "title": "ConAir",
            },
          ]
    }
/>,
  Symbol(enzyme.__renderer__): Object {
    "batchedUpdates": [Function],
    "getNode": [Function],
    "render": [Function],
    "simulateEvent": [Function],
    "unmount": [Function],
  },
  Symbol(enzyme.__node__): Object {
    "instance": null,
    "key": undefined,
    "nodeType": "host",
    "props": Object {
      "children": Array [
        <div
          className="movie-card"
>
          <Link
                    replace={false}
                    to="/movies/ConAir"
          >
                    <div
                              className="favorite movie-image"
                              style={
                                        Object {
                                                  "backgroundImage": "url(https://image.tmdb.org/t/p/w600_and_h900_bestv2/google.com)",
                                                }
                              }
                    />
          </Link>
          <button
                    onClick={[Function]}
          >
                    Favorite
          </button>
</div>,
      ],
      "className": "cardContainer",
    },
    "ref": null,
    "rendered": Array [
      Object {
        "instance": null,
        "key": "[object Object]0",
        "nodeType": "host",
        "props": Object {
          "children": Array [
            <Link
              replace={false}
              to="/movies/ConAir"
>
              <div
                            className="favorite movie-image"
                            style={
                                          Object {
                                                        "backgroundImage": "url(https://image.tmdb.org/t/p/w600_and_h900_bestv2/google.com)",
                                                      }
                            }
              />
</Link>,
            <button
              onClick={[Function]}
>
              Favorite
</button>,
          ],
          "className": "movie-card",
        },
        "ref": null,
        "rendered": Array [
          Object {
            "instance": null,
            "key": undefined,
            "nodeType": "class",
            "props": Object {
              "children": <div
                className="favorite movie-image"
                style={
                                Object {
                                                "backgroundImage": "url(https://image.tmdb.org/t/p/w600_and_h900_bestv2/google.com)",
                                              }
                }
/>,
              "replace": false,
              "to": "/movies/ConAir",
            },
            "ref": null,
            "rendered": Object {
              "instance": null,
              "key": "0 + ConAir",
              "nodeType": "host",
              "props": Object {
                "className": "favorite movie-image",
                "style": Object {
                  "backgroundImage": "url(https://image.tmdb.org/t/p/w600_and_h900_bestv2/google.com)",
                },
              },
              "ref": null,
              "rendered": null,
              "type": "div",
            },
            "type": [Function],
          },
          Object {
            "instance": null,
            "key": undefined,
            "nodeType": "host",
            "props": Object {
              "children": "Favorite",
              "onClick": [Function],
            },
            "ref": null,
            "rendered": "Favorite",
            "type": "button",
          },
        ],
        "type": "div",
      },
    ],
    "type": "div",
  },
  Symbol(enzyme.__nodes__): Array [
    Object {
      "instance": null,
      "key": undefined,
      "nodeType": "host",
      "props": Object {
        "children": Array [
          <div
            className="movie-card"
>
            <Link
                        replace={false}
                        to="/movies/ConAir"
            >
                        <div
                                    className="favorite movie-image"
                                    style={
                                                Object {
                                                            "backgroundImage": "url(https://image.tmdb.org/t/p/w600_and_h900_bestv2/google.com)",
                                                          }
                                    }
                        />
            </Link>
            <button
                        onClick={[Function]}
            >
                        Favorite
            </button>
</div>,
        ],
        "className": "cardContainer",
      },
      "ref": null,
      "rendered": Array [
        Object {
          "instance": null,
          "key": "[object Object]0",
          "nodeType": "host",
          "props": Object {
            "children": Array [
              <Link
                replace={false}
                to="/movies/ConAir"
>
                <div
                                className="favorite movie-image"
                                style={
                                                Object {
                                                                "backgroundImage": "url(https://image.tmdb.org/t/p/w600_and_h900_bestv2/google.com)",
                                                              }
                                }
                />
</Link>,
              <button
                onClick={[Function]}
>
                Favorite
</button>,
            ],
            "className": "movie-card",
          },
          "ref": null,
          "rendered": Array [
            Object {
              "instance": null,
              "key": undefined,
              "nodeType": "class",
              "props": Object {
                "children": <div
                  className="favorite movie-image"
                  style={
                                    Object {
                                                      "backgroundImage": "url(https://image.tmdb.org/t/p/w600_and_h900_bestv2/google.com)",
                                                    }
                  }
/>,
                "replace": false,
                "to": "/movies/ConAir",
              },
              "ref": null,
              "rendered": Object {
                "instance": null,
                "key": "0 + ConAir",
                "nodeType": "host",
                "props": Object {
                  "className": "favorite movie-image",
                  "style": Object {
                    "backgroundImage": "url(https://image.tmdb.org/t/p/w600_and_h900_bestv2/google.com)",
                  },
                },
                "ref": null,
                "rendered": null,
                "type": "div",
              },
              "type": [Function],
            },
            Object {
              "instance": null,
              "key": undefined,
              "nodeType": "host",
              "props": Object {
                "children": "Favorite",
                "onClick": [Function],
              },
              "ref": null,
              "rendered": "Favorite",
              "type": "button",
            },
          ],
          "type": "div",
        },
      ],
      "type": "div",
    },
  ],
  Symbol(enzyme.__options__): Object {
    "adapter": ReactSixteenAdapter {
      "options": Object {
        "enableComponentDidUpdateOnSetState": true,
      },
    },
    "disableLifecycleMethods": true,
  },
}
`;
